
Discarded input sections

 .group         0x00000000        0xc GPIO.o
 .group         0x00000000        0xc GPIO.o
 .group         0x00000000        0xc GPIO.o
 .group         0x00000000        0xc GPIO.o
 .group         0x00000000        0xc GPIO.o
 .group         0x00000000        0xc LED.o
 .group         0x00000000        0xc LED.o
 .group         0x00000000        0xc LED.o
 .group         0x00000000        0xc LED.o
 .group         0x00000000        0xc LED.o
 .debug_macro   0x00000000      0xa54 LED.o
 .debug_macro   0x00000000       0x40 LED.o
 .debug_macro   0x00000000       0x10 LED.o
 .debug_macro   0x00000000       0x22 LED.o
 .group         0x00000000        0xc Main.o
 .debug_macro   0x00000000      0xa54 Main.o
 .group         0x00000000        0xc Motor.o
 .group         0x00000000        0xc Motor.o
 .group         0x00000000        0xc Motor.o
 .group         0x00000000        0xc Motor.o
 .debug_macro   0x00000000      0xa54 Motor.o
 .debug_macro   0x00000000       0x40 Motor.o
 .debug_macro   0x00000000       0x76 Motor.o
 .debug_macro   0x00000000       0x10 Motor.o
 .group         0x00000000        0xc OS.o
 .group         0x00000000        0xc OS.o
 .group         0x00000000        0xc OS.o
 .group         0x00000000        0xc OS.o
 .group         0x00000000        0xc OS.o
 .debug_macro   0x00000000      0xa54 OS.o
 .debug_macro   0x00000000       0x40 OS.o
 .debug_macro   0x00000000       0x10 OS.o
 .debug_macro   0x00000000       0x76 OS.o
 .group         0x00000000        0xc PWM.o
 .group         0x00000000        0xc PWM.o
 .group         0x00000000        0xc PWM.o
 .group         0x00000000        0xc PWM.o
 .group         0x00000000        0xc PWM.o
 .debug_macro   0x00000000      0xa54 PWM.o
 .debug_macro   0x00000000       0x40 PWM.o
 .debug_macro   0x00000000       0x10 PWM.o
 .debug_macro   0x00000000       0x22 PWM.o
 .debug_macro   0x00000000     0xb496 PWM.o
 .group         0x00000000        0xc Startup.o
 .debug_macro   0x00000000      0xa54 Startup.o
 .group         0x00000000        0xc SysTick.o
 .group         0x00000000        0xc SysTick.o
 .group         0x00000000        0xc SysTick.o
 .group         0x00000000        0xc SysTick.o
 .debug_macro   0x00000000      0xa54 SysTick.o
 .debug_macro   0x00000000       0x40 SysTick.o
 .debug_macro   0x00000000     0xb496 SysTick.o
 .debug_macro   0x00000000       0x10 SysTick.o
 .group         0x00000000        0xc UART.o
 .group         0x00000000        0xc UART.o
 .group         0x00000000        0xc UART.o
 .group         0x00000000        0xc UART.o
 .group         0x00000000        0xc UART.o
 .group         0x00000000        0xc UART.o
 .debug_macro   0x00000000      0xa54 UART.o
 .debug_macro   0x00000000       0x40 UART.o
 .debug_macro   0x00000000       0x10 UART.o
 .debug_macro   0x00000000       0x22 UART.o
 .debug_macro   0x00000000       0x16 UART.o
 .debug_macro   0x00000000     0xb496 UART.o

Memory Configuration

Name             Origin             Length             Attributes
FLASH            0x00000000         0x00040000         xr
SRAM             0x20000000         0x00008000         xrw
*default*        0x00000000         0xffffffff

Linker script and memory map

LOAD GPIO.o
LOAD LED.o
LOAD Main.o
LOAD Motor.o
LOAD OS.o
LOAD PWM.o
LOAD Startup.o
LOAD SysTick.o
LOAD UART.o

.text           0x00000000     0x16c4
                0x00000000                _stext = .
 *(.isr_vector)
 .isr_vector    0x00000000      0x26c Startup.o
                0x00000000                vectorTable
 *(.text)
 .text          0x0000026c      0xc38 GPIO.o
                0x0000026c                GPIO_Init
                0x00000490                GPIO_SetPinDirection
                0x000008cc                GPIO_SetPinState
                0x00000a90                GPIO_GetPinState
                0x00000b70                GPIO_SetPortDirection
                0x00000d98                GPIO_SetPortState
 .text          0x00000ea4       0x70 LED.o
                0x00000ea4                LED_Init
                0x00000ed4                LED_Update
 .text          0x00000f14        0xe Main.o
                0x00000f14                main
 .text          0x00000f22      0x294 Motor.o
                0x00000f22                Motor_Init
                0x00001086                Motor_Update
                0x00001092                Motor_Start
                0x000010ba                Motor_Stop
                0x000010e2                Motor_GoForward
                0x000010fe                Motor_SetSpeed
 *fill*         0x000011b6        0x2 
 .text          0x000011b8      0x1d0 OS.o
                0x000011b8                OS_Init
                0x000012d4                OS_Update
                0x0000136c                OS_IncreamentTick
 .text          0x00001388       0xd4 PWM.o
                0x00001388                PWMClockSet
                0x000013a2                PWMDiv
                0x000013b6                PWMPinConfigure
                0x000013d0                PWMGenDisable
                0x000013ea                PWMGenConfigure
                0x00001406                PWMGenPeriodSet
                0x00001424                PWMDutyCycleSet
                0x00001442                PWMGenEnable
 .text          0x0000145c       0x98 Startup.o
                0x0000145c                _start
                0x000014e0                DebugMon_Handler
                0x000014e0                I2C0_IRQHandler
                0x000014e0                PWM0_Generator0_IRQHandler
                0x000014e0                HardFault_Handler
                0x000014e0                TMR0B_16n32_IRQHandler
                0x000014e0                TMR1B_16n32_IRQHandler
                0x000014e0                PendSV_Handler
                0x000014e0                NMI_Handler
                0x000014e0                I2C1_IRQHandler
                0x000014e0                SysException_IRQHandler
                0x000014e0                UART1_IRQHandler
                0x000014e0                CAN1_IRQHandler
                0x000014e0                TMR5A_16n32_IRQHandler
                0x000014e0                TMR0A_32n64_IRQHandler
                0x000014e0                GPIO_D_IRQHandler
                0x000014e0                uDMA_Error_IRQHandler
                0x000014e0                TMR2B_32n64_IRQHandler
                0x000014e0                UART0_IRQHandler
                0x000014e0                SSI0_IRQHandler
                0x000014e0                AnalogComparator1_IRQHandler
                0x000014e0                TMR4A_32n64_IRQHandler
                0x000014e0                UsageFault_Handler
                0x000014e0                PWM0_Generator2_IRQHandler
                0x000014e0                GPIO_A_IRQHandler
                0x000014e0                Hibernation_IRQHandler
                0x000014e0                TMR2A_32n64_IRQHandler
                0x000014e0                TMR3A_32n64_IRQHandler
                0x000014e0                TMR1B_32n64_IRQHandler
                0x000014e0                ADC0_Sequence2_IRQHandler
                0x000014e0                SSI1_IRQHandler
                0x000014e0                I2C2_IRQHandler
                0x000014e0                ADC1_Sequence3_IRQHandler
                0x000014e0                SysControl_IRQHandler
                0x000014e0                TMR3B_16n32_IRQHandler
                0x000014e0                ADC0_Sequence3_IRQHandler
                0x000014e0                PWM1_Generator2_IRQHandler
                0x000014e0                UART5_IRQHandler
                0x000014e0                TMR3B_32n64_IRQHandler
                0x000014e0                TMR5B_16n32_IRQHandler
                0x000014e0                GPIO_E_IRQHandler
                0x000014e0                WWDG0n1_IRQHandler
                0x000014e0                GPIO_C_IRQHandler
                0x000014e0                TMR4A_16n32_IRQHandler
                0x000014e0                UART2_IRQHandler
                0x000014e0                AnalogComparator0_IRQHandler
                0x000014e0                UART4_IRQHandler
                0x000014e0                Default_Handler
                0x000014e0                TMR4B_16n32_IRQHandler
                0x000014e0                TMR3A_16n32_IRQHandler
                0x000014e0                QEI1_IRQHandler
                0x000014e0                ADC1_Sequence2_IRQHandler
                0x000014e0                QEI0_IRQHandler
                0x000014e0                USB_IRQHandler
                0x000014e0                PWM_Generator3_IRQHandler
                0x000014e0                I2C3_IRQHandler
                0x000014e0                FlashEEPROMControl_IRQHandler
                0x000014e0                uDMA_SW_IRQHandler
                0x000014e0                GPIO_F_IRQHandler
                0x000014e0                MemManage_Handler
                0x000014e0                TMR2B_16n32_IRQHandler
                0x000014e0                TMR5A_32n64_IRQHandler
                0x000014e0                ADC1_Sequence1_IRQHandler
                0x000014e0                SVC_Handler
                0x000014e0                PWM0_Generator1_IRQHandler
                0x000014e0                TMR2A_16n32_IRQHandler
                0x000014e0                PWM1_Fault_IRQHandler
                0x000014e0                TMR5B_32n64_IRQHandler
                0x000014e0                PWM0_Fault_IRQHandler
                0x000014e0                CAN0_IRQHandler
                0x000014e0                TMR0B_32n64_IRQHandler
                0x000014e0                TMR4B_32n64_IRQHandler
                0x000014e0                TMR0A_16n32_IRQHandler
                0x000014e0                SSI2_IRQHandler
                0x000014e0                PWM1_Generator3_IRQHandler
                0x000014e0                UART7_IRQHandler
                0x000014e0                ADC0_Sequence1_IRQHandler
                0x000014e0                UART6_IRQHandler
                0x000014e0                ADC1_Sequence0_IRQHandler
                0x000014e0                PWM1_Generator1_IRQHandler
                0x000014e0                BusFault_Handler
                0x000014e0                SSI3_IRQHandler
                0x000014e0                UART3_IRQHandler
                0x000014e0                GPIO_B_IRQHandler
                0x000014e0                PWM1_Generator0_IRQHandler
                0x000014e0                ADC0_Sequence0_IRQHandler
                0x000014e0                TMR1A_16n32_IRQHandler
                0x000014e0                TMR1A_32n64_IRQHandler
                0x000014e6                Reset_Handler
 .text          0x000014f4       0x58 SysTick.o
                0x00001502                SysTick_Init
                0x00001534                SysTick_Handler
                0x00001540                SysTick_Update
 .text          0x0000154c      0x178 UART.o
                0x0000154c                UART_Init
                0x00001648                UART_Tx
                0x0000167c                UART_Rx
                0x000016b4                UART_Update
 *(.rodata)
                0x000016c4                . = ALIGN (0x4)
                0x000016c4                _etext = .

.glue_7         0x000016c4        0x0
 .glue_7        0x000016c4        0x0 linker stubs

.glue_7t        0x000016c4        0x0
 .glue_7t       0x000016c4        0x0 linker stubs

.vfp11_veneer   0x000016c4        0x0
 .vfp11_veneer  0x000016c4        0x0 linker stubs

.v4_bx          0x000016c4        0x0
 .v4_bx         0x000016c4        0x0 linker stubs

.iplt           0x000016c4        0x0
 .iplt          0x000016c4        0x0 LED.o

.rel.dyn        0x000016c4        0x0
 .rel.iplt      0x000016c4        0x0 LED.o

.data           0x20000000        0x0 load address 0x000016c4
                0x20000000                _sdata = .
 *(.data)
 .data          0x20000000        0x0 GPIO.o
 .data          0x20000000        0x0 LED.o
 .data          0x20000000        0x0 Main.o
 .data          0x20000000        0x0 Motor.o
 .data          0x20000000        0x0 OS.o
 .data          0x20000000        0x0 PWM.o
 .data          0x20000000        0x0 Startup.o
 .data          0x20000000        0x0 SysTick.o
 .data          0x20000000        0x0 UART.o
                0x20000000                . = ALIGN (0x4)
                0x20000000                _edata = .

.igot.plt       0x20000000        0x0 load address 0x000016c4
 .igot.plt      0x20000000        0x0 LED.o

.bss            0x20000000       0xfc load address 0x000016c4
                0x20000000                _sbss = .
 *(.bss)
 .bss           0x20000000        0x0 GPIO.o
 .bss           0x20000000        0x1 LED.o
 .bss           0x20000001        0x0 Main.o
 .bss           0x20000001        0x0 Motor.o
 *fill*         0x20000001        0x7 
 .bss           0x20000008       0xf1 OS.o
 .bss           0x200000f9        0x0 PWM.o
 .bss           0x200000f9        0x0 Startup.o
 .bss           0x200000f9        0x0 SysTick.o
 .bss           0x200000f9        0x0 UART.o
 *(COMMON)
                0x200000fc                . = ALIGN (0x4)
 *fill*         0x200000f9        0x3 
                0x200000fc                _ebss = .
OUTPUT(final.elf elf32-littlearm)
LOAD linker stubs

.debug_info     0x00000000      0xdc6
 .debug_info    0x00000000      0x2df GPIO.o
 .debug_info    0x000002df      0x136 LED.o
 .debug_info    0x00000415       0x47 Main.o
 .debug_info    0x0000045c      0x249 Motor.o
 .debug_info    0x000006a5      0x162 OS.o
 .debug_info    0x00000807      0x31e PWM.o
 .debug_info    0x00000b25      0x12b Startup.o
 .debug_info    0x00000c50       0x8e SysTick.o
 .debug_info    0x00000cde       0xe8 UART.o

.debug_abbrev   0x00000000      0x649
 .debug_abbrev  0x00000000      0x123 GPIO.o
 .debug_abbrev  0x00000123       0x78 LED.o
 .debug_abbrev  0x0000019b       0x3e Main.o
 .debug_abbrev  0x000001d9       0xae Motor.o
 .debug_abbrev  0x00000287       0xdd OS.o
 .debug_abbrev  0x00000364       0xe3 PWM.o
 .debug_abbrev  0x00000447       0xe4 Startup.o
 .debug_abbrev  0x0000052b       0x54 SysTick.o
 .debug_abbrev  0x0000057f       0xca UART.o

.debug_aranges  0x00000000      0x120
 .debug_aranges
                0x00000000       0x20 GPIO.o
 .debug_aranges
                0x00000020       0x20 LED.o
 .debug_aranges
                0x00000040       0x20 Main.o
 .debug_aranges
                0x00000060       0x20 Motor.o
 .debug_aranges
                0x00000080       0x20 OS.o
 .debug_aranges
                0x000000a0       0x20 PWM.o
 .debug_aranges
                0x000000c0       0x20 Startup.o
 .debug_aranges
                0x000000e0       0x20 SysTick.o
 .debug_aranges
                0x00000100       0x20 UART.o

.debug_macro    0x00000000     0xc262
 .debug_macro   0x00000000       0x3f GPIO.o
 .debug_macro   0x0000003f      0xa54 GPIO.o
 .debug_macro   0x00000a93       0x40 GPIO.o
 .debug_macro   0x00000ad3       0x10 GPIO.o
 .debug_macro   0x00000ae3       0x22 GPIO.o
 .debug_macro   0x00000b05     0xb496 GPIO.o
 .debug_macro   0x0000bf9b       0x55 LED.o
 .debug_macro   0x0000bff0       0x76 LED.o
 .debug_macro   0x0000c066       0x1b Main.o
 .debug_macro   0x0000c081       0x4a Motor.o
 .debug_macro   0x0000c0cb       0x85 OS.o
 .debug_macro   0x0000c150       0x16 OS.o
 .debug_macro   0x0000c166       0x49 PWM.o
 .debug_macro   0x0000c1af       0x35 Startup.o
 .debug_macro   0x0000c1e4       0x40 SysTick.o
 .debug_macro   0x0000c224       0x3e UART.o

.debug_line     0x00000000      0xd09
 .debug_line    0x00000000      0x553 GPIO.o
 .debug_line    0x00000553       0xc7 LED.o
 .debug_line    0x0000061a       0x64 Main.o
 .debug_line    0x0000067e      0x139 Motor.o
 .debug_line    0x000007b7      0x19f OS.o
 .debug_line    0x00000956       0xe2 PWM.o
 .debug_line    0x00000a38       0xca Startup.o
 .debug_line    0x00000b02       0xed SysTick.o
 .debug_line    0x00000bef      0x11a UART.o

.debug_str      0x00000000    0x3eb06
 .debug_str     0x00000000    0x3e32f GPIO.o
                              0x3e37f (size before relaxing)
 .debug_str     0x0003e32f      0x244 LED.o
                               0x31f3 (size before relaxing)
 .debug_str     0x0003e573       0x1b Main.o
                               0x2c41 (size before relaxing)
 .debug_str     0x0003e58e      0x174 Motor.o
                               0x3230 (size before relaxing)
 .debug_str     0x0003e702      0x177 OS.o
                               0x3165 (size before relaxing)
 .debug_str     0x0003e879       0xe5 PWM.o
                              0x3e318 (size before relaxing)
 .debug_str     0x0003e95e      0x102 Startup.o
                               0x2d5e (size before relaxing)
 .debug_str     0x0003ea60       0x58 SysTick.o
                              0x3e10d (size before relaxing)
 .debug_str     0x0003eab8       0x4e UART.o
                              0x3e20a (size before relaxing)

.comment        0x00000000       0x4d
 .comment       0x00000000       0x4d GPIO.o
                                 0x4e (size before relaxing)
 .comment       0x0000004d       0x4e LED.o
 .comment       0x0000004d       0x4e Main.o
 .comment       0x0000004d       0x4e Motor.o
 .comment       0x0000004d       0x4e OS.o
 .comment       0x0000004d       0x4e PWM.o
 .comment       0x0000004d       0x4e Startup.o
 .comment       0x0000004d       0x4e SysTick.o
 .comment       0x0000004d       0x4e UART.o

.ARM.attributes
                0x00000000       0x2e
 .ARM.attributes
                0x00000000       0x2e GPIO.o
 .ARM.attributes
                0x0000002e       0x2e LED.o
 .ARM.attributes
                0x0000005c       0x2e Main.o
 .ARM.attributes
                0x0000008a       0x2e Motor.o
 .ARM.attributes
                0x000000b8       0x2e OS.o
 .ARM.attributes
                0x000000e6       0x2e PWM.o
 .ARM.attributes
                0x00000114       0x2e Startup.o
 .ARM.attributes
                0x00000142       0x2e SysTick.o
 .ARM.attributes
                0x00000170       0x2e UART.o

.debug_frame    0x00000000      0x594
 .debug_frame   0x00000000      0x100 GPIO.o
 .debug_frame   0x00000100       0x48 LED.o
 .debug_frame   0x00000148       0x2c Main.o
 .debug_frame   0x00000174       0xc4 Motor.o
 .debug_frame   0x00000238       0x80 OS.o
 .debug_frame   0x000002b8      0x150 PWM.o
 .debug_frame   0x00000408       0x64 Startup.o
 .debug_frame   0x0000046c       0x84 SysTick.o
 .debug_frame   0x000004f0       0xa4 UART.o
