
Discarded input sections

 .group         0x00000000        0xc GPIO.o
 .group         0x00000000        0xc GPIO.o
 .group         0x00000000        0xc GPIO.o
 .group         0x00000000        0xc GPIO.o
 .group         0x00000000        0xc LED.o
 .group         0x00000000        0xc LED.o
 .group         0x00000000        0xc LED.o
 .group         0x00000000        0xc LED.o
 .group         0x00000000        0xc LED.o
 .debug_macro   0x00000000      0xa54 LED.o
 .debug_macro   0x00000000       0x10 LED.o
 .debug_macro   0x00000000       0x22 LED.o
 .group         0x00000000        0xc Main.o
 .debug_macro   0x00000000      0xa54 Main.o
 .group         0x00000000        0xc Motor.o
 .group         0x00000000        0xc Motor.o
 .group         0x00000000        0xc Motor.o
 .group         0x00000000        0xc Motor.o
 .debug_macro   0x00000000      0xa54 Motor.o
 .debug_macro   0x00000000       0x28 Motor.o
 .debug_macro   0x00000000       0x76 Motor.o
 .debug_macro   0x00000000       0x10 Motor.o
 .group         0x00000000        0xc OS.o
 .group         0x00000000        0xc OS.o
 .group         0x00000000        0xc OS.o
 .group         0x00000000        0xc OS.o
 .group         0x00000000        0xc OS.o
 .debug_macro   0x00000000      0xa54 OS.o
 .debug_macro   0x00000000       0x28 OS.o
 .debug_macro   0x00000000       0x10 OS.o
 .debug_macro   0x00000000       0x76 OS.o
 .group         0x00000000        0xc PWM.o
 .group         0x00000000        0xc PWM.o
 .group         0x00000000        0xc PWM.o
 .group         0x00000000        0xc PWM.o
 .debug_macro   0x00000000      0xa54 PWM.o
 .debug_macro   0x00000000       0x10 PWM.o
 .debug_macro   0x00000000       0x22 PWM.o
 .debug_macro   0x00000000     0xb496 PWM.o
 .group         0x00000000        0xc Startup.o
 .debug_macro   0x00000000      0xa54 Startup.o
 .group         0x00000000        0xc SysTick.o
 .group         0x00000000        0xc SysTick.o
 .group         0x00000000        0xc SysTick.o
 .debug_macro   0x00000000      0xa54 SysTick.o
 .debug_macro   0x00000000     0xb496 SysTick.o
 .debug_macro   0x00000000       0x10 SysTick.o
 .group         0x00000000        0xc UART.o
 .group         0x00000000        0xc UART.o
 .group         0x00000000        0xc UART.o
 .debug_macro   0x00000000      0xa54 UART.o
 .debug_macro   0x00000000       0x10 UART.o
 .debug_macro   0x00000000       0x16 UART.o

Memory Configuration

Name             Origin             Length             Attributes
FLASH            0x00000000         0x00040000         xr
SRAM             0x20000000         0x00008000         xrw
*default*        0x00000000         0xffffffff

Linker script and memory map

LOAD GPIO.o
LOAD LED.o
LOAD Main.o
LOAD Motor.o
LOAD OS.o
LOAD PWM.o
LOAD Startup.o
LOAD SysTick.o
LOAD UART.o

.text           0x00000000     0x2aa8
                0x00000000                _stext = .
 *(.isr_vector)
 .isr_vector    0x00000000      0x26c Startup.o
                0x00000000                vectorTable
 *(.text)
 .text          0x0000026c      0xc38 GPIO.o
                0x0000026c                GPIO_Init
                0x00000490                GPIO_SetPinDirection
                0x000008cc                GPIO_SetPinState
                0x00000a90                GPIO_GetPinState
                0x00000b70                GPIO_SetPortDirection
                0x00000d98                GPIO_SetPortState
 .text          0x00000ea4       0x70 LED.o
                0x00000ea4                LED_Init
                0x00000ed4                LED_Update
 .text          0x00000f14        0xe Main.o
                0x00000f14                main
 .text          0x00000f22       0x50 Motor.o
                0x00000f22                Motor_Init
                0x00000f2e                Motor_Update
                0x00000f3a                Motor_Start
                0x00000f46                Motor_Stop
                0x00000f52                Motor_GoForward
                0x00000f5e                Motor_SetSpeed
 *fill*         0x00000f72        0x2 
 .text          0x00000f74      0x1d0 OS.o
                0x00000f74                OS_Init
                0x00001090                OS_Update
                0x00001128                OS_IncreamentTick
 .text          0x00001144     0x1830 PWM.o
                0x00001144                PWMClockSet
                0x000012f8                PWMDiv
                0x0000132c                PWMPinConfigure
                0x000019f4                PWMGenDisable
                0x00001ba8                PWMGenConfigure
                0x00001f00                PWMGenPeriodSet
                0x00002054                PWMDutyCycleSet
                0x000027d0                PWMGenEnable
 .text          0x00002974       0x98 Startup.o
                0x00002974                _start
                0x000029f8                DebugMon_Handler
                0x000029f8                I2C0_IRQHandler
                0x000029f8                PWM0_Generator0_IRQHandler
                0x000029f8                HardFault_Handler
                0x000029f8                TMR0B_16n32_IRQHandler
                0x000029f8                TMR1B_16n32_IRQHandler
                0x000029f8                PendSV_Handler
                0x000029f8                NMI_Handler
                0x000029f8                I2C1_IRQHandler
                0x000029f8                SysException_IRQHandler
                0x000029f8                UART1_IRQHandler
                0x000029f8                CAN1_IRQHandler
                0x000029f8                TMR5A_16n32_IRQHandler
                0x000029f8                TMR0A_32n64_IRQHandler
                0x000029f8                GPIO_D_IRQHandler
                0x000029f8                uDMA_Error_IRQHandler
                0x000029f8                TMR2B_32n64_IRQHandler
                0x000029f8                UART0_IRQHandler
                0x000029f8                SSI0_IRQHandler
                0x000029f8                AnalogComparator1_IRQHandler
                0x000029f8                TMR4A_32n64_IRQHandler
                0x000029f8                UsageFault_Handler
                0x000029f8                PWM0_Generator2_IRQHandler
                0x000029f8                GPIO_A_IRQHandler
                0x000029f8                Hibernation_IRQHandler
                0x000029f8                TMR2A_32n64_IRQHandler
                0x000029f8                TMR3A_32n64_IRQHandler
                0x000029f8                TMR1B_32n64_IRQHandler
                0x000029f8                ADC0_Sequence2_IRQHandler
                0x000029f8                SSI1_IRQHandler
                0x000029f8                I2C2_IRQHandler
                0x000029f8                ADC1_Sequence3_IRQHandler
                0x000029f8                SysControl_IRQHandler
                0x000029f8                TMR3B_16n32_IRQHandler
                0x000029f8                ADC0_Sequence3_IRQHandler
                0x000029f8                PWM1_Generator2_IRQHandler
                0x000029f8                UART5_IRQHandler
                0x000029f8                TMR3B_32n64_IRQHandler
                0x000029f8                TMR5B_16n32_IRQHandler
                0x000029f8                GPIO_E_IRQHandler
                0x000029f8                WWDG0n1_IRQHandler
                0x000029f8                GPIO_C_IRQHandler
                0x000029f8                TMR4A_16n32_IRQHandler
                0x000029f8                UART2_IRQHandler
                0x000029f8                AnalogComparator0_IRQHandler
                0x000029f8                UART4_IRQHandler
                0x000029f8                Default_Handler
                0x000029f8                TMR4B_16n32_IRQHandler
                0x000029f8                TMR3A_16n32_IRQHandler
                0x000029f8                QEI1_IRQHandler
                0x000029f8                ADC1_Sequence2_IRQHandler
                0x000029f8                QEI0_IRQHandler
                0x000029f8                USB_IRQHandler
                0x000029f8                PWM_Generator3_IRQHandler
                0x000029f8                I2C3_IRQHandler
                0x000029f8                FlashEEPROMControl_IRQHandler
                0x000029f8                uDMA_SW_IRQHandler
                0x000029f8                GPIO_F_IRQHandler
                0x000029f8                MemManage_Handler
                0x000029f8                TMR2B_16n32_IRQHandler
                0x000029f8                TMR5A_32n64_IRQHandler
                0x000029f8                ADC1_Sequence1_IRQHandler
                0x000029f8                SVC_Handler
                0x000029f8                PWM0_Generator1_IRQHandler
                0x000029f8                TMR2A_16n32_IRQHandler
                0x000029f8                PWM1_Fault_IRQHandler
                0x000029f8                TMR5B_32n64_IRQHandler
                0x000029f8                PWM0_Fault_IRQHandler
                0x000029f8                CAN0_IRQHandler
                0x000029f8                TMR0B_32n64_IRQHandler
                0x000029f8                TMR4B_32n64_IRQHandler
                0x000029f8                TMR0A_16n32_IRQHandler
                0x000029f8                SSI2_IRQHandler
                0x000029f8                PWM1_Generator3_IRQHandler
                0x000029f8                UART7_IRQHandler
                0x000029f8                ADC0_Sequence1_IRQHandler
                0x000029f8                UART6_IRQHandler
                0x000029f8                ADC1_Sequence0_IRQHandler
                0x000029f8                PWM1_Generator1_IRQHandler
                0x000029f8                BusFault_Handler
                0x000029f8                SSI3_IRQHandler
                0x000029f8                UART3_IRQHandler
                0x000029f8                GPIO_B_IRQHandler
                0x000029f8                PWM1_Generator0_IRQHandler
                0x000029f8                ADC0_Sequence0_IRQHandler
                0x000029f8                TMR1A_16n32_IRQHandler
                0x000029f8                TMR1A_32n64_IRQHandler
                0x000029fe                Reset_Handler
 .text          0x00002a0c       0x58 SysTick.o
                0x00002a1a                SysTick_Init
                0x00002a4c                SysTick_Handler
                0x00002a58                SysTick_Update
 .text          0x00002a64       0x42 UART.o
                0x00002a64                UART_Init
                0x00002a70                UART_Tx
                0x00002a84                UART_Rx
                0x00002a98                UART_Update
 *(.rodata)
                0x00002aa8                . = ALIGN (0x4)
 *fill*         0x00002aa6        0x2 
                0x00002aa8                _etext = .

.glue_7         0x00002aa8        0x0
 .glue_7        0x00002aa8        0x0 linker stubs

.glue_7t        0x00002aa8        0x0
 .glue_7t       0x00002aa8        0x0 linker stubs

.vfp11_veneer   0x00002aa8        0x0
 .vfp11_veneer  0x00002aa8        0x0 linker stubs

.v4_bx          0x00002aa8        0x0
 .v4_bx         0x00002aa8        0x0 linker stubs

.iplt           0x00002aa8        0x0
 .iplt          0x00002aa8        0x0 LED.o

.rel.dyn        0x00002aa8        0x0
 .rel.iplt      0x00002aa8        0x0 LED.o

.data           0x20000000        0x0 load address 0x00002aa8
                0x20000000                _sdata = .
 *(.data)
 .data          0x20000000        0x0 GPIO.o
 .data          0x20000000        0x0 LED.o
 .data          0x20000000        0x0 Main.o
 .data          0x20000000        0x0 Motor.o
 .data          0x20000000        0x0 OS.o
 .data          0x20000000        0x0 PWM.o
 .data          0x20000000        0x0 Startup.o
 .data          0x20000000        0x0 SysTick.o
 .data          0x20000000        0x0 UART.o
                0x20000000                . = ALIGN (0x4)
                0x20000000                _edata = .

.igot.plt       0x20000000        0x0 load address 0x00002aa8
 .igot.plt      0x20000000        0x0 LED.o

.bss            0x20000000      0x100 load address 0x00002aa8
                0x20000000                _sbss = .
 *(.bss)
 .bss           0x20000000        0x0 GPIO.o
 .bss           0x20000000        0x1 LED.o
 .bss           0x20000001        0x0 Main.o
 .bss           0x20000001        0x0 Motor.o
 *fill*         0x20000001        0x7 
 .bss           0x20000008       0xf1 OS.o
 *fill*         0x200000f9        0x3 
 .bss           0x200000fc        0x4 PWM.o
                0x200000fc                Load
 .bss           0x20000100        0x0 Startup.o
 .bss           0x20000100        0x0 SysTick.o
 .bss           0x20000100        0x0 UART.o
 *(COMMON)
                0x20000100                . = ALIGN (0x4)
                0x20000100                _ebss = .
OUTPUT(final.elf elf32-littlearm)
LOAD linker stubs

.debug_info     0x00000000      0xcec
 .debug_info    0x00000000      0x2db GPIO.o
 .debug_info    0x000002db      0x136 LED.o
 .debug_info    0x00000411       0x47 Main.o
 .debug_info    0x00000458       0xf3 Motor.o
 .debug_info    0x0000054b      0x162 OS.o
 .debug_info    0x000006ad      0x3ba PWM.o
 .debug_info    0x00000a67      0x12b Startup.o
 .debug_info    0x00000b92       0x8e SysTick.o
 .debug_info    0x00000c20       0xcc UART.o

.debug_abbrev   0x00000000      0x642
 .debug_abbrev  0x00000000      0x123 GPIO.o
 .debug_abbrev  0x00000123       0x78 LED.o
 .debug_abbrev  0x0000019b       0x3e Main.o
 .debug_abbrev  0x000001d9       0x94 Motor.o
 .debug_abbrev  0x0000026d       0xdd OS.o
 .debug_abbrev  0x0000034a      0x107 PWM.o
 .debug_abbrev  0x00000451       0xe4 Startup.o
 .debug_abbrev  0x00000535       0x54 SysTick.o
 .debug_abbrev  0x00000589       0xb9 UART.o

.debug_aranges  0x00000000      0x120
 .debug_aranges
                0x00000000       0x20 GPIO.o
 .debug_aranges
                0x00000020       0x20 LED.o
 .debug_aranges
                0x00000040       0x20 Main.o
 .debug_aranges
                0x00000060       0x20 Motor.o
 .debug_aranges
                0x00000080       0x20 OS.o
 .debug_aranges
                0x000000a0       0x20 PWM.o
 .debug_aranges
                0x000000c0       0x20 Startup.o
 .debug_aranges
                0x000000e0       0x20 SysTick.o
 .debug_aranges
                0x00000100       0x20 UART.o

.debug_macro    0x00000000     0xc214
 .debug_macro   0x00000000       0x36 GPIO.o
 .debug_macro   0x00000036      0xa54 GPIO.o
 .debug_macro   0x00000a8a       0x10 GPIO.o
 .debug_macro   0x00000a9a       0x22 GPIO.o
 .debug_macro   0x00000abc     0xb496 GPIO.o
 .debug_macro   0x0000bf52       0x55 LED.o
 .debug_macro   0x0000bfa7       0x28 LED.o
 .debug_macro   0x0000bfcf       0x76 LED.o
 .debug_macro   0x0000c045       0x1b Main.o
 .debug_macro   0x0000c060       0x4a Motor.o
 .debug_macro   0x0000c0aa       0x85 OS.o
 .debug_macro   0x0000c12f       0x16 OS.o
 .debug_macro   0x0000c145       0x40 PWM.o
 .debug_macro   0x0000c185       0x35 Startup.o
 .debug_macro   0x0000c1ba       0x37 SysTick.o
 .debug_macro   0x0000c1f1       0x23 UART.o

.debug_line     0x00000000     0x1431
 .debug_line    0x00000000      0x544 GPIO.o
 .debug_line    0x00000544       0xc7 LED.o
 .debug_line    0x0000060b       0x64 Main.o
 .debug_line    0x0000066f       0xcd Motor.o
 .debug_line    0x0000073c      0x19f OS.o
 .debug_line    0x000008db      0x937 PWM.o
 .debug_line    0x00001212       0xca Startup.o
 .debug_line    0x000012dc       0xdf SysTick.o
 .debug_line    0x000013bb       0x76 UART.o

.debug_str      0x00000000    0x3eb04
 .debug_str     0x00000000    0x3e1f3 GPIO.o
                              0x3e243 (size before relaxing)
 .debug_str     0x0003e1f3      0x2ee LED.o
                               0x3161 (size before relaxing)
 .debug_str     0x0003e4e1       0x1b Main.o
                               0x2c41 (size before relaxing)
 .debug_str     0x0003e4fc       0xc3 Motor.o
                               0x2fe4 (size before relaxing)
 .debug_str     0x0003e5bf      0x177 OS.o
                               0x30d3 (size before relaxing)
 .debug_str     0x0003e736      0x226 PWM.o
                              0x3e26c (size before relaxing)
 .debug_str     0x0003e95c      0x102 Startup.o
                               0x2d5e (size before relaxing)
 .debug_str     0x0003ea5e       0x58 SysTick.o
                              0x3dfd1 (size before relaxing)
 .debug_str     0x0003eab6       0x4e UART.o
                               0x2d26 (size before relaxing)

.comment        0x00000000       0x4d
 .comment       0x00000000       0x4d GPIO.o
                                 0x4e (size before relaxing)
 .comment       0x0000004d       0x4e LED.o
 .comment       0x0000004d       0x4e Main.o
 .comment       0x0000004d       0x4e Motor.o
 .comment       0x0000004d       0x4e OS.o
 .comment       0x0000004d       0x4e PWM.o
 .comment       0x0000004d       0x4e Startup.o
 .comment       0x0000004d       0x4e SysTick.o
 .comment       0x0000004d       0x4e UART.o

.ARM.attributes
                0x00000000       0x2e
 .ARM.attributes
                0x00000000       0x2e GPIO.o
 .ARM.attributes
                0x0000002e       0x2e LED.o
 .ARM.attributes
                0x0000005c       0x2e Main.o
 .ARM.attributes
                0x0000008a       0x2e Motor.o
 .ARM.attributes
                0x000000b8       0x2e OS.o
 .ARM.attributes
                0x000000e6       0x2e PWM.o
 .ARM.attributes
                0x00000114       0x2e Startup.o
 .ARM.attributes
                0x00000142       0x2e SysTick.o
 .ARM.attributes
                0x00000170       0x2e UART.o

.debug_frame    0x00000000      0x5a0
 .debug_frame   0x00000000      0x100 GPIO.o
 .debug_frame   0x00000100       0x48 LED.o
 .debug_frame   0x00000148       0x2c Main.o
 .debug_frame   0x00000174       0xd8 Motor.o
 .debug_frame   0x0000024c       0x80 OS.o
 .debug_frame   0x000002cc      0x150 PWM.o
 .debug_frame   0x0000041c       0x64 Startup.o
 .debug_frame   0x00000480       0x84 SysTick.o
 .debug_frame   0x00000504       0x9c UART.o
