
Discarded input sections

 .group         0x00000000        0xc GPIO.o
 .group         0x00000000        0xc GPIO.o
 .group         0x00000000        0xc GPIO.o
 .group         0x00000000        0xc GPIO.o
 .group         0x00000000        0xc LED.o
 .group         0x00000000        0xc LED.o
 .group         0x00000000        0xc LED.o
 .group         0x00000000        0xc LED.o
 .debug_macro   0x00000000      0xa54 LED.o
 .debug_macro   0x00000000       0x10 LED.o
 .debug_macro   0x00000000       0x22 LED.o
 .group         0x00000000        0xc Main.o
 .debug_macro   0x00000000      0xa54 Main.o
 .group         0x00000000        0xc Motor.o
 .group         0x00000000        0xc Motor.o
 .group         0x00000000        0xc Motor.o
 .debug_macro   0x00000000      0xa54 Motor.o
 .debug_macro   0x00000000       0x76 Motor.o
 .debug_macro   0x00000000       0x10 Motor.o
 .group         0x00000000        0xc OS.o
 .group         0x00000000        0xc OS.o
 .group         0x00000000        0xc OS.o
 .debug_macro   0x00000000      0xa54 OS.o
 .debug_macro   0x00000000       0x10 OS.o
 .debug_macro   0x00000000       0x76 OS.o
 .group         0x00000000        0xc PWM.o
 .group         0x00000000        0xc PWM.o
 .group         0x00000000        0xc PWM.o
 .group         0x00000000        0xc PWM.o
 .debug_macro   0x00000000      0xa54 PWM.o
 .debug_macro   0x00000000       0x10 PWM.o
 .debug_macro   0x00000000       0x22 PWM.o
 .debug_macro   0x00000000     0xb496 PWM.o
 .group         0x00000000        0xc Startup.o
 .debug_macro   0x00000000      0xa54 Startup.o
 .group         0x00000000        0xc SysTick.o
 .group         0x00000000        0xc SysTick.o
 .group         0x00000000        0xc SysTick.o
 .debug_macro   0x00000000      0xa54 SysTick.o
 .debug_macro   0x00000000     0xb496 SysTick.o
 .debug_macro   0x00000000       0x10 SysTick.o

Memory Configuration

Name             Origin             Length             Attributes
FLASH            0x00000000         0x00040000         xr
SRAM             0x20000000         0x00008000         xrw
*default*        0x00000000         0xffffffff

Linker script and memory map

LOAD GPIO.o
LOAD LED.o
LOAD Main.o
LOAD Motor.o
LOAD OS.o
LOAD PWM.o
LOAD Startup.o
LOAD SysTick.o

.text           0x00000000     0x2a98
                0x00000000                _stext = .
 *(.isr_vector)
 .isr_vector    0x00000000      0x26c Startup.o
                0x00000000                vectorTable
 *(.text)
 .text          0x0000026c      0xc38 GPIO.o
                0x0000026c                GPIO_Init
                0x00000490                GPIO_SetPinDirection
                0x000008cc                GPIO_SetPinState
                0x00000a90                GPIO_GetPinState
                0x00000b70                GPIO_SetPortDirection
                0x00000d98                GPIO_SetPortState
 .text          0x00000ea4       0x68 LED.o
                0x00000ea4                LED_Init
                0x00000ecc                LED_Update
 .text          0x00000f0c        0xe Main.o
                0x00000f0c                main
 .text          0x00000f1a       0xc8 Motor.o
                0x00000f1a                Motor_Init
                0x00000f4a                Motor_Update
                0x00000f56                Motor_Start
                0x00000f68                Motor_Stop
                0x00000f7a                Motor_GoForward
                0x00000f96                Motor_SetSpeed
 *fill*         0x00000fe2        0x2 
 .text          0x00000fe4      0x1a0 OS.o
                0x00000fe4                OS_Init
                0x000010d0                OS_Update
                0x00001168                OS_IncreamentTick
 .text          0x00001184     0x1824 PWM.o
                0x00001184                PWMPinConfigure
                0x00001840                PWMClockSet
                0x000019f4                PWMDiv
                0x00001a28                PWMGenDisable
                0x00001bdc                PWMGenConfigure
                0x00001f34                PWMGenPeriodSet
                0x00002088                PWMDutyCycleSet
                0x00002804                PWMGenEnable
 .text          0x000029a8       0x98 Startup.o
                0x000029a8                _start
                0x00002a2c                DebugMon_Handler
                0x00002a2c                I2C0_IRQHandler
                0x00002a2c                PWM0_Generator0_IRQHandler
                0x00002a2c                HardFault_Handler
                0x00002a2c                TMR0B_16n32_IRQHandler
                0x00002a2c                TMR1B_16n32_IRQHandler
                0x00002a2c                PendSV_Handler
                0x00002a2c                NMI_Handler
                0x00002a2c                I2C1_IRQHandler
                0x00002a2c                SysException_IRQHandler
                0x00002a2c                UART1_IRQHandler
                0x00002a2c                CAN1_IRQHandler
                0x00002a2c                TMR5A_16n32_IRQHandler
                0x00002a2c                TMR0A_32n64_IRQHandler
                0x00002a2c                GPIO_D_IRQHandler
                0x00002a2c                uDMA_Error_IRQHandler
                0x00002a2c                TMR2B_32n64_IRQHandler
                0x00002a2c                UART0_IRQHandler
                0x00002a2c                SSI0_IRQHandler
                0x00002a2c                AnalogComparator1_IRQHandler
                0x00002a2c                TMR4A_32n64_IRQHandler
                0x00002a2c                UsageFault_Handler
                0x00002a2c                PWM0_Generator2_IRQHandler
                0x00002a2c                GPIO_A_IRQHandler
                0x00002a2c                Hibernation_IRQHandler
                0x00002a2c                TMR2A_32n64_IRQHandler
                0x00002a2c                TMR3A_32n64_IRQHandler
                0x00002a2c                TMR1B_32n64_IRQHandler
                0x00002a2c                ADC0_Sequence2_IRQHandler
                0x00002a2c                SSI1_IRQHandler
                0x00002a2c                I2C2_IRQHandler
                0x00002a2c                ADC1_Sequence3_IRQHandler
                0x00002a2c                SysControl_IRQHandler
                0x00002a2c                TMR3B_16n32_IRQHandler
                0x00002a2c                ADC0_Sequence3_IRQHandler
                0x00002a2c                PWM1_Generator2_IRQHandler
                0x00002a2c                UART5_IRQHandler
                0x00002a2c                TMR3B_32n64_IRQHandler
                0x00002a2c                TMR5B_16n32_IRQHandler
                0x00002a2c                GPIO_E_IRQHandler
                0x00002a2c                WWDG0n1_IRQHandler
                0x00002a2c                GPIO_C_IRQHandler
                0x00002a2c                TMR4A_16n32_IRQHandler
                0x00002a2c                UART2_IRQHandler
                0x00002a2c                AnalogComparator0_IRQHandler
                0x00002a2c                UART4_IRQHandler
                0x00002a2c                Default_Handler
                0x00002a2c                TMR4B_16n32_IRQHandler
                0x00002a2c                TMR3A_16n32_IRQHandler
                0x00002a2c                QEI1_IRQHandler
                0x00002a2c                ADC1_Sequence2_IRQHandler
                0x00002a2c                QEI0_IRQHandler
                0x00002a2c                USB_IRQHandler
                0x00002a2c                PWM_Generator3_IRQHandler
                0x00002a2c                I2C3_IRQHandler
                0x00002a2c                FlashEEPROMControl_IRQHandler
                0x00002a2c                uDMA_SW_IRQHandler
                0x00002a2c                GPIO_F_IRQHandler
                0x00002a2c                MemManage_Handler
                0x00002a2c                TMR2B_16n32_IRQHandler
                0x00002a2c                TMR5A_32n64_IRQHandler
                0x00002a2c                ADC1_Sequence1_IRQHandler
                0x00002a2c                SVC_Handler
                0x00002a2c                PWM0_Generator1_IRQHandler
                0x00002a2c                TMR2A_16n32_IRQHandler
                0x00002a2c                PWM1_Fault_IRQHandler
                0x00002a2c                TMR5B_32n64_IRQHandler
                0x00002a2c                PWM0_Fault_IRQHandler
                0x00002a2c                CAN0_IRQHandler
                0x00002a2c                TMR0B_32n64_IRQHandler
                0x00002a2c                TMR4B_32n64_IRQHandler
                0x00002a2c                TMR0A_16n32_IRQHandler
                0x00002a2c                SSI2_IRQHandler
                0x00002a2c                PWM1_Generator3_IRQHandler
                0x00002a2c                UART7_IRQHandler
                0x00002a2c                ADC0_Sequence1_IRQHandler
                0x00002a2c                UART6_IRQHandler
                0x00002a2c                ADC1_Sequence0_IRQHandler
                0x00002a2c                PWM1_Generator1_IRQHandler
                0x00002a2c                BusFault_Handler
                0x00002a2c                SSI3_IRQHandler
                0x00002a2c                UART3_IRQHandler
                0x00002a2c                GPIO_B_IRQHandler
                0x00002a2c                PWM1_Generator0_IRQHandler
                0x00002a2c                ADC0_Sequence0_IRQHandler
                0x00002a2c                TMR1A_16n32_IRQHandler
                0x00002a2c                TMR1A_32n64_IRQHandler
                0x00002a32                Reset_Handler
 .text          0x00002a40       0x58 SysTick.o
                0x00002a4e                SysTick_Init
                0x00002a80                SysTick_Handler
                0x00002a8c                SysTick_Update
 *(.rodata)
                0x00002a98                . = ALIGN (0x4)
                0x00002a98                _etext = .

.glue_7         0x00002a98        0x0
 .glue_7        0x00002a98        0x0 linker stubs

.glue_7t        0x00002a98        0x0
 .glue_7t       0x00002a98        0x0 linker stubs

.vfp11_veneer   0x00002a98        0x0
 .vfp11_veneer  0x00002a98        0x0 linker stubs

.v4_bx          0x00002a98        0x0
 .v4_bx         0x00002a98        0x0 linker stubs

.iplt           0x00002a98        0x0
 .iplt          0x00002a98        0x0 LED.o

.rel.dyn        0x00002a98        0x0
 .rel.iplt      0x00002a98        0x0 LED.o

.data           0x20000000        0x0 load address 0x00002a98
                0x20000000                _sdata = .
 *(.data)
 .data          0x20000000        0x0 GPIO.o
 .data          0x20000000        0x0 LED.o
 .data          0x20000000        0x0 Main.o
 .data          0x20000000        0x0 Motor.o
 .data          0x20000000        0x0 OS.o
 .data          0x20000000        0x0 PWM.o
 .data          0x20000000        0x0 Startup.o
 .data          0x20000000        0x0 SysTick.o
                0x20000000                . = ALIGN (0x4)
                0x20000000                _edata = .

.igot.plt       0x20000000        0x0 load address 0x00002a98
 .igot.plt      0x20000000        0x0 LED.o

.bss            0x20000000      0x100 load address 0x00002a98
                0x20000000                _sbss = .
 *(.bss)
 .bss           0x20000000        0x0 GPIO.o
 .bss           0x20000000        0x1 LED.o
 .bss           0x20000001        0x0 Main.o
 .bss           0x20000001        0x0 Motor.o
 *fill*         0x20000001        0x7 
 .bss           0x20000008       0xf1 OS.o
 *fill*         0x200000f9        0x3 
 .bss           0x200000fc        0x4 PWM.o
                0x200000fc                Load
 .bss           0x20000100        0x0 Startup.o
 .bss           0x20000100        0x0 SysTick.o
 *(COMMON)
                0x20000100                . = ALIGN (0x4)
                0x20000100                _ebss = .
OUTPUT(final.elf elf32-littlearm)
LOAD linker stubs

.debug_info     0x00000000      0xdde
 .debug_info    0x00000000      0x2db GPIO.o
 .debug_info    0x000002db      0x136 LED.o
 .debug_info    0x00000411       0x47 Main.o
 .debug_info    0x00000458      0x23d Motor.o
 .debug_info    0x00000695      0x1d4 OS.o
 .debug_info    0x00000869      0x3bc PWM.o
 .debug_info    0x00000c25      0x12b Startup.o
 .debug_info    0x00000d50       0x8e SysTick.o

.debug_abbrev   0x00000000      0x5ae
 .debug_abbrev  0x00000000      0x123 GPIO.o
 .debug_abbrev  0x00000123       0x78 LED.o
 .debug_abbrev  0x0000019b       0x3e Main.o
 .debug_abbrev  0x000001d9       0xae Motor.o
 .debug_abbrev  0x00000287       0xf9 OS.o
 .debug_abbrev  0x00000380       0xf6 PWM.o
 .debug_abbrev  0x00000476       0xe4 Startup.o
 .debug_abbrev  0x0000055a       0x54 SysTick.o

.debug_aranges  0x00000000      0x100
 .debug_aranges
                0x00000000       0x20 GPIO.o
 .debug_aranges
                0x00000020       0x20 LED.o
 .debug_aranges
                0x00000040       0x20 Main.o
 .debug_aranges
                0x00000060       0x20 Motor.o
 .debug_aranges
                0x00000080       0x20 OS.o
 .debug_aranges
                0x000000a0       0x20 PWM.o
 .debug_aranges
                0x000000c0       0x20 Startup.o
 .debug_aranges
                0x000000e0       0x20 SysTick.o

.debug_macro    0x00000000     0xc189
 .debug_macro   0x00000000       0x36 GPIO.o
 .debug_macro   0x00000036      0xa54 GPIO.o
 .debug_macro   0x00000a8a       0x10 GPIO.o
 .debug_macro   0x00000a9a       0x22 GPIO.o
 .debug_macro   0x00000abc     0xb496 GPIO.o
 .debug_macro   0x0000bf52       0x4c LED.o
 .debug_macro   0x0000bf9e       0x76 LED.o
 .debug_macro   0x0000c014       0x1b Main.o
 .debug_macro   0x0000c02f       0x41 Motor.o
 .debug_macro   0x0000c070       0x6d OS.o
 .debug_macro   0x0000c0dd       0x40 PWM.o
 .debug_macro   0x0000c11d       0x35 Startup.o
 .debug_macro   0x0000c152       0x37 SysTick.o

.debug_line     0x00000000     0x13a2
 .debug_line    0x00000000      0x544 GPIO.o
 .debug_line    0x00000544       0xb8 LED.o
 .debug_line    0x000005fc       0x64 Main.o
 .debug_line    0x00000660       0xf9 Motor.o
 .debug_line    0x00000759      0x16c OS.o
 .debug_line    0x000008c5      0x934 PWM.o
 .debug_line    0x000011f9       0xca Startup.o
 .debug_line    0x000012c3       0xdf SysTick.o

.debug_str      0x00000000    0x3e9ab
 .debug_str     0x00000000    0x3e1f3 GPIO.o
                              0x3e243 (size before relaxing)
 .debug_str     0x0003e1f3      0x244 LED.o
                               0x30b7 (size before relaxing)
 .debug_str     0x0003e437       0x1b Main.o
                               0x2c41 (size before relaxing)
 .debug_str     0x0003e452      0x13b Motor.o
                               0x30bb (size before relaxing)
 .debug_str     0x0003e58d      0x116 OS.o
                               0x3062 (size before relaxing)
 .debug_str     0x0003e6a3      0x1ae PWM.o
                              0x3e26c (size before relaxing)
 .debug_str     0x0003e851      0x102 Startup.o
                               0x2d5e (size before relaxing)
 .debug_str     0x0003e953       0x58 SysTick.o
                              0x3dfd1 (size before relaxing)

.comment        0x00000000       0x4d
 .comment       0x00000000       0x4d GPIO.o
                                 0x4e (size before relaxing)
 .comment       0x0000004d       0x4e LED.o
 .comment       0x0000004d       0x4e Main.o
 .comment       0x0000004d       0x4e Motor.o
 .comment       0x0000004d       0x4e OS.o
 .comment       0x0000004d       0x4e PWM.o
 .comment       0x0000004d       0x4e Startup.o
 .comment       0x0000004d       0x4e SysTick.o

.ARM.attributes
                0x00000000       0x2e
 .ARM.attributes
                0x00000000       0x2e GPIO.o
 .ARM.attributes
                0x0000002e       0x2e LED.o
 .ARM.attributes
                0x0000005c       0x2e Main.o
 .ARM.attributes
                0x0000008a       0x2e Motor.o
 .ARM.attributes
                0x000000b8       0x2e OS.o
 .ARM.attributes
                0x000000e6       0x2e PWM.o
 .ARM.attributes
                0x00000114       0x2e Startup.o
 .ARM.attributes
                0x00000142       0x2e SysTick.o

.debug_frame    0x00000000      0x4f0
 .debug_frame   0x00000000      0x100 GPIO.o
 .debug_frame   0x00000100       0x48 LED.o
 .debug_frame   0x00000148       0x2c Main.o
 .debug_frame   0x00000174       0xc4 Motor.o
 .debug_frame   0x00000238       0x80 OS.o
 .debug_frame   0x000002b8      0x150 PWM.o
 .debug_frame   0x00000408       0x64 Startup.o
 .debug_frame   0x0000046c       0x84 SysTick.o
